[0.014s][info][gc] Using Parallel
[0.993s][info][gc] GC(0) Pause Young (Allocation Failure) 3M->1M(11M) 4.453ms
[16.211s][info][gc] GC(1) Pause Young (Heap Dump Initiated GC) 2M->1M(11M) 1.354ms
[16.219s][info][gc] GC(2) Pause Full (Heap Dump Initiated GC) 1M->1M(11M) 7.315ms
[16.648s][info][gc] GC(3) Pause Young (Allocation Failure) 4M->2M(11M) 1.421ms
[20.806s][info][gc] GC(4) Pause Young (Allocation Failure) 5M->3M(11M) 2.800ms
[40.526s][info][gc] GC(5) Pause Young (Allocation Failure) 6M->3M(11M) 1.388ms
[65.571s][info][gc] GC(6) Pause Young (Allocation Failure) 6M->3M(10M) 1.182ms
[77.577s][info][gc] GC(7) Pause Young (Allocation Failure) 5M->3M(11M) 2.817ms
[94.596s][info][gc] GC(8) Pause Young (Allocation Failure) 5M->3M(11M) 6.531ms
[106.339s][info][gc] GC(9) Pause Young (Allocation Failure) 4M->3M(11M) 0.665ms
[114.672s][info][gc] GC(10) Pause Young (Allocation Failure) 5M->4M(11M) 3.185ms
[132.673s][info][gc] GC(11) Pause Young (Allocation Failure) 6M->4M(11M) 0.879ms
[149.683s][info][gc] GC(12) Pause Young (Allocation Failure) 6M->4M(11M) 1.069ms
[166.710s][info][gc] GC(13) Pause Young (Allocation Failure) 6M->4M(11M) 0.255ms
[184.718s][info][gc] GC(14) Pause Young (Allocation Failure) 6M->4M(11M) 0.247ms
[199.748s][info][gc] GC(15) Pause Young (Allocation Failure) 6M->4M(11M) 0.425ms
[199.769s][info][gc] GC(16) Pause Young (Allocation Failure) 6M->5M(11M) 0.841ms
[199.772s][info][gc] GC(17) Pause Young (Allocation Failure) 7M->5M(11M) 0.377ms
[199.781s][info][gc] GC(18) Pause Young (Allocation Failure) 7M->5M(11M) 0.268ms
[199.785s][info][gc] GC(19) Pause Young (Allocation Failure) 7M->5M(11M) 0.267ms
[199.789s][info][gc] GC(20) Pause Young (Allocation Failure) 7M->6M(11M) 0.329ms
[199.793s][info][gc] GC(21) Pause Young (Allocation Failure) 8M->6M(11M) 0.262ms
[199.797s][info][gc] GC(22) Pause Young (Allocation Failure) 8M->6M(11M) 0.265ms
[199.801s][info][gc] GC(23) Pause Young (Allocation Failure) 8M->6M(11M) 0.303ms
[199.805s][info][gc] GC(24) Pause Young (Allocation Failure) 8M->6M(11M) 0.502ms
[199.809s][info][gc] GC(25) Pause Young (Allocation Failure) 8M->6M(11M) 0.290ms
[199.813s][info][gc] GC(26) Pause Young (Allocation Failure) 8M->6M(11M) 0.258ms
[199.816s][info][gc] GC(27) Pause Young (Allocation Failure) 8M->7M(11M) 0.298ms
[199.819s][info][gc] GC(28) Pause Young (Allocation Failure) 9M->7M(11M) 0.266ms
[199.822s][info][gc] GC(29) Pause Young (Allocation Failure) 8M->7M(11M) 0.254ms
[208.749s][info][gc] GC(30) Pause Young (Allocation Failure) 9M->7M(11M) 0.329ms
[226.763s][info][gc] GC(31) Pause Young (Allocation Failure) 9M->7M(11M) 0.315ms
[244.801s][info][gc] GC(32) Pause Young (Allocation Failure) 9M->7M(11M) 0.546ms
[262.805s][info][gc] GC(33) Pause Young (Allocation Failure) 9M->7M(11M) 1.257ms
[281.726s][info][gc] GC(34) Pause Young (Allocation Failure) 9M->7M(11M) 0.867ms
[299.827s][info][gc] GC(35) Pause Young (Allocation Failure) 9M->7M(11M) 0.289ms
[317.841s][info][gc] GC(36) Pause Young (Allocation Failure) 9M->7M(11M) 0.764ms
[335.852s][info][gc] GC(37) Pause Young (Allocation Failure) 9M->7M(11M) 0.293ms
[353.876s][info][gc] GC(38) Pause Young (Allocation Failure) 9M->7M(11M) 0.287ms
[372.895s][info][gc] GC(39) Pause Young (Allocation Failure) 9M->7M(11M) 0.461ms
[390.910s][info][gc] GC(40) Pause Young (Allocation Failure) 9M->7M(11M) 0.514ms
[409.762s][info][gc] GC(41) Pause Young (Allocation Failure) 9M->7M(11M) 0.244ms
[427.940s][info][gc] GC(42) Pause Young (Allocation Failure) 9M->7M(11M) 0.950ms
[445.953s][info][gc] GC(43) Pause Young (Allocation Failure) 9M->7M(11M) 0.663ms
[464.967s][info][gc] GC(44) Pause Young (Allocation Failure) 9M->7M(11M) 0.408ms
[485.467s][info][gc] GC(45) Pause Young (Allocation Failure) 9M->7M(11M) 0.327ms
[503.995s][info][gc] GC(46) Pause Young (Allocation Failure) 10M->7M(11M) 0.408ms
[532.019s][info][gc] GC(47) Pause Young (Allocation Failure) 10M->7M(11M) 1.176ms
[560.041s][info][gc] GC(48) Pause Young (Allocation Failure) 10M->7M(11M) 0.782ms
[588.061s][info][gc] GC(49) Pause Young (Allocation Failure) 10M->7M(11M) 0.548ms
[616.083s][info][gc] GC(50) Pause Young (Allocation Failure) 10M->7M(11M) 0.946ms
[644.103s][info][gc] GC(51) Pause Young (Allocation Failure) 10M->7M(11M) 1.168ms
[672.125s][info][gc] GC(52) Pause Young (Allocation Failure) 10M->7M(11M) 0.955ms
[700.145s][info][gc] GC(53) Pause Young (Allocation Failure) 10M->7M(11M) 0.315ms
[728.168s][info][gc] GC(54) Pause Young (Allocation Failure) 10M->7M(11M) 0.525ms
[747.180s][info][gc] GC(55) Pause Young (Allocation Failure) 10M->10M(11M) 0.788ms
[747.243s][info][gc] GC(56) Pause Full (Ergonomics) 10M->5M(11M) 62.928ms
[770.189s][info][gc] GC(57) Pause Young (Allocation Failure) 8M->5M(11M) 0.496ms
[798.205s][info][gc] GC(58) Pause Young (Allocation Failure) 8M->5M(11M) 0.364ms
[825.942s][info][gc] GC(59) Pause Young (Allocation Failure) 8M->5M(11M) 0.335ms
[853.953s][info][gc] GC(60) Pause Young (Allocation Failure) 8M->5M(11M) 0.374ms
[881.273s][info][gc] GC(61) Pause Young (Allocation Failure) 8M->5M(11M) 1.398ms
[909.289s][info][gc] GC(62) Pause Young (Allocation Failure) 8M->5M(11M) 1.211ms
[936.304s][info][gc] GC(63) Pause Young (Allocation Failure) 8M->5M(11M) 0.826ms
[964.984s][info][gc] GC(64) Pause Young (Allocation Failure) 8M->5M(11M) 1.363ms
[992.994s][info][gc] GC(65) Pause Young (Allocation Failure) 8M->5M(11M) 0.805ms
[1012.351s][info][gc] GC(66) Pause Young (Allocation Failure) 8M->6M(11M) 0.714ms
[1040.383s][info][gc] GC(67) Pause Young (Allocation Failure) 9M->6M(11M) 0.459ms
[1068.409s][info][gc] GC(68) Pause Young (Allocation Failure) 9M->6M(11M) 0.437ms
[1096.442s][info][gc] GC(69) Pause Young (Allocation Failure) 9M->6M(11M) 0.472ms
